Archive member included to satisfy reference by file (symbol)

c:/program files (x86)/atmel/studio/7.0/toolchain/arm/arm-gnu-toolchain/bin/../lib/gcc/arm-none-eabi/5.3.1/../../../../arm-none-eabi/lib/armv7-m\libc.a(lib_a-exit.o)
                              c:/program files (x86)/atmel/studio/7.0/toolchain/arm/arm-gnu-toolchain/bin/../lib/gcc/arm-none-eabi/5.3.1/../../../../arm-none-eabi/lib/armv7-m/crt0.o (exit)
c:/program files (x86)/atmel/studio/7.0/toolchain/arm/arm-gnu-toolchain/bin/../lib/gcc/arm-none-eabi/5.3.1/../../../../arm-none-eabi/lib/armv7-m\libc.a(lib_a-impure.o)
                              c:/program files (x86)/atmel/studio/7.0/toolchain/arm/arm-gnu-toolchain/bin/../lib/gcc/arm-none-eabi/5.3.1/../../../../arm-none-eabi/lib/armv7-m\libc.a(lib_a-exit.o) (_global_impure_ptr)
c:/program files (x86)/atmel/studio/7.0/toolchain/arm/arm-gnu-toolchain/bin/../lib/gcc/arm-none-eabi/5.3.1/../../../../arm-none-eabi/lib/armv7-m\libc.a(lib_a-init.o)
                              c:/program files (x86)/atmel/studio/7.0/toolchain/arm/arm-gnu-toolchain/bin/../lib/gcc/arm-none-eabi/5.3.1/../../../../arm-none-eabi/lib/armv7-m/crt0.o (__libc_init_array)
c:/program files (x86)/atmel/studio/7.0/toolchain/arm/arm-gnu-toolchain/bin/../lib/gcc/arm-none-eabi/5.3.1/../../../../arm-none-eabi/lib/armv7-m\libc.a(lib_a-memset.o)
                              c:/program files (x86)/atmel/studio/7.0/toolchain/arm/arm-gnu-toolchain/bin/../lib/gcc/arm-none-eabi/5.3.1/../../../../arm-none-eabi/lib/armv7-m/crt0.o (memset)
c:/program files (x86)/atmel/studio/7.0/toolchain/arm/arm-gnu-toolchain/bin/../lib/gcc/arm-none-eabi/5.3.1/../../../../arm-none-eabi/lib/armv7-m\libc.a(lib_a-__call_atexit.o)
                              c:/program files (x86)/atmel/studio/7.0/toolchain/arm/arm-gnu-toolchain/bin/../lib/gcc/arm-none-eabi/5.3.1/../../../../arm-none-eabi/lib/armv7-m\libc.a(lib_a-exit.o) (__call_exitprocs)
c:/program files (x86)/atmel/studio/7.0/toolchain/arm/arm-gnu-toolchain/bin/../lib/gcc/arm-none-eabi/5.3.1/../../../../arm-none-eabi/lib/armv7-m\libc.a(lib_a-atexit.o)
                              c:/program files (x86)/atmel/studio/7.0/toolchain/arm/arm-gnu-toolchain/bin/../lib/gcc/arm-none-eabi/5.3.1/../../../../arm-none-eabi/lib/armv7-m\libc.a(lib_a-__call_atexit.o) (atexit)
c:/program files (x86)/atmel/studio/7.0/toolchain/arm/arm-gnu-toolchain/bin/../lib/gcc/arm-none-eabi/5.3.1/../../../../arm-none-eabi/lib/armv7-m\libc.a(lib_a-fini.o)
                              c:/program files (x86)/atmel/studio/7.0/toolchain/arm/arm-gnu-toolchain/bin/../lib/gcc/arm-none-eabi/5.3.1/../../../../arm-none-eabi/lib/armv7-m\libc.a(lib_a-__call_atexit.o) (__libc_fini_array)
c:/program files (x86)/atmel/studio/7.0/toolchain/arm/arm-gnu-toolchain/bin/../lib/gcc/arm-none-eabi/5.3.1/../../../../arm-none-eabi/lib/armv7-m\libc.a(lib_a-__atexit.o)
                              c:/program files (x86)/atmel/studio/7.0/toolchain/arm/arm-gnu-toolchain/bin/../lib/gcc/arm-none-eabi/5.3.1/../../../../arm-none-eabi/lib/armv7-m\libc.a(lib_a-atexit.o) (__register_exitproc)

Allocating common symbols
Common symbol       size              file

TxStringTail        0x2               src/config/interrupts.o
TxStringHead        0x2               src/config/interrupts.o
TxString            0x400             src/config/interrupts.o
RxString            0x400             src/config/interrupts.o
RxFlag              0x1               src/config/interrupts.o
RxStringTail        0x2               src/config/interrupts.o
FirtCrankInterval   0x1               src/config/interrupts.o
PrevCycleCounts     0x4               src/config/interrupts.o
RxStringHead        0x2               src/config/interrupts.o
SecondCrankInterval
                    0x1               src/config/interrupts.o
CurrCycleTime       0x4               src/config/interrupts.o
TEETH               0x18              src/config/interrupts.o
IGN                 0x80              src/config/interrupts.o
PrevCycleTime       0x4               src/config/interrupts.o
CrankTooth          0x4               src/config/interrupts.o

Discarded input sections

 .text          0x00000000        0x0 c:/program files (x86)/atmel/studio/7.0/toolchain/arm/arm-gnu-toolchain/bin/../lib/gcc/arm-none-eabi/5.3.1/armv7-m/crti.o
 .data          0x00000000        0x0 c:/program files (x86)/atmel/studio/7.0/toolchain/arm/arm-gnu-toolchain/bin/../lib/gcc/arm-none-eabi/5.3.1/armv7-m/crti.o
 .bss           0x00000000        0x0 c:/program files (x86)/atmel/studio/7.0/toolchain/arm/arm-gnu-toolchain/bin/../lib/gcc/arm-none-eabi/5.3.1/armv7-m/crti.o
 .data          0x00000000        0x4 c:/program files (x86)/atmel/studio/7.0/toolchain/arm/arm-gnu-toolchain/bin/../lib/gcc/arm-none-eabi/5.3.1/armv7-m/crtbegin.o
 .text          0x00000000       0x74 c:/program files (x86)/atmel/studio/7.0/toolchain/arm/arm-gnu-toolchain/bin/../lib/gcc/arm-none-eabi/5.3.1/../../../../arm-none-eabi/lib/armv7-m/crt0.o
[...]
Memory Configuration

Name             Origin             Length             Attributes
rom              0x00080000         0x00080000         xr
sram0            0x20000000         0x00010000         xrw
sram1            0x20080000         0x00008000         xrw
ram              0x20070000         0x00018000         xrw
*default*        0x00000000         0xffffffff

Linker script and memory map

LOAD c:/program files (x86)/atmel/studio/7.0/toolchain/arm/arm-gnu-toolchain/bin/../lib/gcc/arm-none-eabi/5.3.1/armv7-m/crti.o
LOAD c:/program files (x86)/atmel/studio/7.0/toolchain/arm/arm-gnu-toolchain/bin/../lib/gcc/arm-none-eabi/5.3.1/armv7-m/crtbegin.o
LOAD c:/program files (x86)/atmel/studio/7.0/toolchain/arm/arm-gnu-toolchain/bin/../lib/gcc/arm-none-eabi/5.3.1/../../../../arm-none-eabi/lib/armv7-m/crt0.o
LOAD src/config/global.o
LOAD src/config/interrupts.o
LOAD src/config/math.o
LOAD src/config/tables.o
LOAD src/config/timers.o
LOAD src/config/uart.o
LOAD src/ASF/common/services/clock/sam3x/sysclk.o
LOAD src/ASF/common/utils/interrupt/interrupt_sam_nvic.o
LOAD src/ASF/sam/boards/arduino_due_x/init.o
LOAD src/ASF/sam/drivers/pio/pio.o
LOAD src/ASF/sam/drivers/pio/pio_handler.o
LOAD src/ASF/sam/drivers/pmc/pmc.o
LOAD src/ASF/sam/drivers/pmc/sleep.o
LOAD src/ASF/sam/utils/cmsis/sam3x/source/templates/exceptions.o
LOAD src/ASF/sam/utils/cmsis/sam3x/source/templates/gcc/startup_sam3x.o
LOAD src/ASF/sam/utils/cmsis/sam3x/source/templates/system_sam3x.o
LOAD src/ASF/sam/utils/syscalls/gcc/syscalls.o
LOAD src/main.o
START GROUP
LOAD ../src/ASF/thirdparty/CMSIS/Lib/GCC\libarm_cortexM3l_math.a
LOAD c:/program files (x86)/atmel/studio/7.0/toolchain/arm/arm-gnu-toolchain/bin/../lib/gcc/arm-none-eabi/5.3.1/../../../../arm-none-eabi/lib/armv7-m\libm.a
END GROUP
START GROUP
LOAD c:/program files (x86)/atmel/studio/7.0/toolchain/arm/arm-gnu-toolchain/bin/../lib/gcc/arm-none-eabi/5.3.1/armv7-m\libgcc.a
LOAD c:/program files (x86)/atmel/studio/7.0/toolchain/arm/arm-gnu-toolchain/bin/../lib/gcc/arm-none-eabi/5.3.1/../../../../arm-none-eabi/lib/armv7-m\libc.a
END GROUP
LOAD c:/program files (x86)/atmel/studio/7.0/toolchain/arm/arm-gnu-toolchain/bin/../lib/gcc/arm-none-eabi/5.3.1/armv7-m/crtend.o
LOAD c:/program files (x86)/atmel/studio/7.0/toolchain/arm/arm-gnu-toolchain/bin/../lib/gcc/arm-none-eabi/5.3.1/armv7-m/crtn.o
                0x00002000                __stack_size__ = DEFINED (__stack_size__)?__stack_size__:0x2000
                0x20087ffc                __ram_end__ = ((ORIGIN (ram) + LENGTH (ram)) - 0x4)

.text           0x00080000      0xd64
                0x00080000                . = ALIGN (0x4)
                0x00080000                _sfixed = .
 *(.vectors .vectors.*)
 .vectors       0x00080000       0xf4 src/ASF/sam/utils/cmsis/sam3x/source/templates/gcc/startup_sam3x.o
                0x00080000                exception_table
 *(.text .text.* .gnu.linkonce.t.*)
 .text          0x000800f4       0x5c c:/program files (x86)/atmel/studio/7.0/toolchain/arm/arm-gnu-toolchain/bin/../lib/gcc/arm-none-eabi/5.3.1/armv7-m/crtbegin.o
 .text.enable_interrupt_vector
                0x00080150       0x50 src/config/interrupts.o
                0x00080150                enable_interrupt_vector
 .text.interrupts_init1
                0x000801a0       0x34 src/config/interrupts.o
                0x000801a0                interrupts_init1
 .text.PIOA_Handler
                0x000801d4       0xdc src/config/interrupts.o
                0x000801d4                PIOA_Handler
 .text.math_ign_time_teeth
                0x000802b0       0x38 src/config/math.o
                0x000802b0                math_ign_time_teeth
 .text.math_ign_time_interval
                0x000802e8       0x4c src/config/math.o
                0x000802e8                math_ign_time_interval
 .text.timers_init1
                0x00080334       0x30 src/config/timers.o
                0x00080334                timers_init1
 .text.timers_init2
                0x00080364       0x30 src/config/timers.o
                0x00080364                timers_init2
 .text.timers_init3
                0x00080394       0x34 src/config/timers.o
                0x00080394                timers_init3
 .text.timers_init4
                0x000803c8       0x30 src/config/timers.o
                0x000803c8                timers_init4
 .text.timers_init9
                0x000803f8       0x38 src/config/timers.o
                0x000803f8                timers_init9
 .text.TC0_Handler
                0x00080430       0x28 src/config/timers.o
                0x00080430                TC0_Handler
 .text.TC1_Handler
                0x00080458       0x28 src/config/timers.o
                0x00080458                TC1_Handler
 .text.TC2_Handler
                0x00080480       0x2c src/config/timers.o
                0x00080480                TC2_Handler
 .text.TC3_Handler
                0x000804ac       0x28 src/config/timers.o
                0x000804ac                TC3_Handler
 .text.TC8_Handler
                0x000804d4        0x4 src/config/timers.o
                0x000804d4                TC8_Handler
 .text.uart_init
                0x000804d8       0x20 src/config/uart.o
                0x000804d8                uart_init
 .text.sysclk_init
                0x000804f8       0x64 src/ASF/common/services/clock/sam3x/sysclk.o
                0x000804f8                sysclk_init
 .text.board_init
                0x0008055c       0x80 src/ASF/sam/boards/arduino_due_x/init.o
                0x0008055c                board_init
 .text.pio_set_peripheral
                0x000805dc       0x40 src/ASF/sam/drivers/pio/pio.o
                0x000805dc                pio_set_peripheral
 .text.pio_set_input
                0x0008061c       0x34 src/ASF/sam/drivers/pio/pio.o
                0x0008061c                pio_set_input
 .text.pio_set_output
                0x00080650       0x28 src/ASF/sam/drivers/pio/pio.o
                0x00080650                pio_set_output
 .text.pio_get_interrupt_status
                0x00080678        0x4 src/ASF/sam/drivers/pio/pio.o
                0x00080678                pio_get_interrupt_status
 .text.pio_get_interrupt_mask
                0x0008067c        0x4 src/ASF/sam/drivers/pio/pio.o
                0x0008067c                pio_get_interrupt_mask
 .text.pio_configure_pin
                0x00080680       0xd4 src/ASF/sam/drivers/pio/pio.o
                0x00080680                pio_configure_pin
 .text.pio_configure_pin_group
                0x00080754       0xa0 src/ASF/sam/drivers/pio/pio.o
                0x00080754                pio_configure_pin_group
 .text.pio_handler_process
                0x000807f4       0x50 src/ASF/sam/drivers/pio/pio_handler.o
                0x000807f4                pio_handler_process
 .text.PIOB_Handler
                0x00080844       0x14 src/ASF/sam/drivers/pio/pio_handler.o
                0x00080844                PIOB_Handler
 .text.PIOC_Handler
                0x00080858       0x14 src/ASF/sam/drivers/pio/pio_handler.o
                0x00080858                PIOC_Handler
 .text.PIOD_Handler
                0x0008086c       0x14 src/ASF/sam/drivers/pio/pio_handler.o
                0x0008086c                PIOD_Handler
 .text.pmc_switch_mck_to_pllack
                0x00080880       0x68 src/ASF/sam/drivers/pmc/pmc.o
                0x00080880                pmc_switch_mck_to_pllack
 .text.pmc_switch_mainck_to_xtal
                0x000808e8       0x54 src/ASF/sam/drivers/pmc/pmc.o
                0x000808e8                pmc_switch_mainck_to_xtal
 .text.pmc_osc_is_ready_mainck
                0x0008093c       0x10 src/ASF/sam/drivers/pmc/pmc.o
                0x0008093c                pmc_osc_is_ready_mainck
 .text.pmc_disable_pllack
                0x0008094c       0x10 src/ASF/sam/drivers/pmc/pmc.o
                0x0008094c                pmc_disable_pllack
 .text.pmc_is_locked_pllack
                0x0008095c       0x10 src/ASF/sam/drivers/pmc/pmc.o
                0x0008095c                pmc_is_locked_pllack
 .text.pmc_enable_periph_clk
                0x0008096c       0x54 src/ASF/sam/drivers/pmc/pmc.o
                0x0008096c                pmc_enable_periph_clk
 .text.Dummy_Handler
                0x000809c0        0x4 src/ASF/sam/utils/cmsis/sam3x/source/templates/exceptions.o
                0x000809c0                DACC_Handler
                0x000809c0                DebugMon_Handler
                0x000809c0                DMAC_Handler
                0x000809c0                TRNG_Handler
                0x000809c0                HardFault_Handler
                0x000809c0                SysTick_Handler
                0x000809c0                USART3_Handler
                0x000809c0                TWI1_Handler
                0x000809c0                PendSV_Handler
                0x000809c0                NMI_Handler
                0x000809c0                TC7_Handler
                0x000809c0                ADC_Handler
                0x000809c0                SMC_Handler
                0x000809c0                USART0_Handler
                0x000809c0                RTT_Handler
                0x000809c0                EFC1_Handler
                0x000809c0                RTC_Handler
                0x000809c0                UsageFault_Handler
                0x000809c0                TC6_Handler
                0x000809c0                WDT_Handler
                0x000809c0                CAN0_Handler
                0x000809c0                TC4_Handler
                0x000809c0                HSMCI_Handler
                0x000809c0                Dummy_Handler
                0x000809c0                TWI0_Handler
                0x000809c0                USART1_Handler
                0x000809c0                SSC_Handler
                0x000809c0                EFC0_Handler
                0x000809c0                PMC_Handler
                0x000809c0                PWM_Handler
                0x000809c0                CAN1_Handler
                0x000809c0                MemManage_Handler
                0x000809c0                SUPC_Handler
                0x000809c0                SVC_Handler
                0x000809c0                USART2_Handler
                0x000809c0                EMAC_Handler
                0x000809c0                UART_Handler
                0x000809c0                BusFault_Handler
                0x000809c0                RSTC_Handler
                0x000809c0                TC5_Handler
                0x000809c0                UOTGHS_Handler
                0x000809c0                SPI0_Handler
 .text.Reset_Handler
                0x000809c4       0xac src/ASF/sam/utils/cmsis/sam3x/source/templates/gcc/startup_sam3x.o
                0x000809c4                Reset_Handler
 .text.SystemCoreClockUpdate
                0x00080a70      0x11c src/ASF/sam/utils/cmsis/sam3x/source/templates/system_sam3x.o
                0x00080a70                SystemCoreClockUpdate
 .text.init_output
                0x00080b8c       0x1c src/main.o
                0x00080b8c                init_output
 .text.main     0x00080ba8       0x54 src/main.o
                0x00080ba8                main
 .text.__libc_init_array
                0x00080bfc       0x50 c:/program files (x86)/atmel/studio/7.0/toolchain/arm/arm-gnu-toolchain/bin/../lib/gcc/arm-none-eabi/5.3.1/../../../../arm-none-eabi/lib/armv7-m\libc.a(lib_a-init.o)
                0x00080bfc                __libc_init_array
 .text.startup.register_fini
                0x00080c4c       0x14 c:/program files (x86)/atmel/studio/7.0/toolchain/arm/arm-gnu-toolchain/bin/../lib/gcc/arm-none-eabi/5.3.1/../../../../arm-none-eabi/lib/armv7-m\libc.a(lib_a-__call_atexit.o)
 .text.atexit   0x00080c60        0xc c:/program files (x86)/atmel/studio/7.0/toolchain/arm/arm-gnu-toolchain/bin/../lib/gcc/arm-none-eabi/5.3.1/../../../../arm-none-eabi/lib/armv7-m\libc.a(lib_a-atexit.o)
                0x00080c60                atexit
 .text.__libc_fini_array
                0x00080c6c       0x28 c:/program files (x86)/atmel/studio/7.0/toolchain/arm/arm-gnu-toolchain/bin/../lib/gcc/arm-none-eabi/5.3.1/../../../../arm-none-eabi/lib/armv7-m\libc.a(lib_a-fini.o)
                0x00080c6c                __libc_fini_array
 .text.__register_exitproc
                0x00080c94       0xa4 c:/program files (x86)/atmel/studio/7.0/toolchain/arm/arm-gnu-toolchain/bin/../lib/gcc/arm-none-eabi/5.3.1/../../../../arm-none-eabi/lib/armv7-m\libc.a(lib_a-__atexit.o)
                0x00080c94                __register_exitproc
 *(.glue_7t)
 .glue_7t       0x00080d38        0x0 linker stubs
 *(.glue_7)
 .glue_7        0x00080d38        0x0 linker stubs
 *(.rodata .rodata* .gnu.linkonce.r.*)
 .rodata.str1.4
                0x00080d38        0x4 c:/program files (x86)/atmel/studio/7.0/toolchain/arm/arm-gnu-toolchain/bin/../lib/gcc/arm-none-eabi/5.3.1/../../../../arm-none-eabi/lib/armv7-m\libc.a(lib_a-impure.o)
                                  0x2 (size before relaxing)
 .rodata._global_impure_ptr
                0x00080d3c        0x4 c:/program files (x86)/atmel/studio/7.0/toolchain/arm/arm-gnu-toolchain/bin/../lib/gcc/arm-none-eabi/5.3.1/../../../../arm-none-eabi/lib/armv7-m\libc.a(lib_a-impure.o)
                0x00080d3c                _global_impure_ptr
 *(.ARM.extab* .gnu.linkonce.armextab.*)
                0x00080d40                . = ALIGN (0x4)
 *(.init)
 .init          0x00080d40        0x4 c:/program files (x86)/atmel/studio/7.0/toolchain/arm/arm-gnu-toolchain/bin/../lib/gcc/arm-none-eabi/5.3.1/armv7-m/crti.o
                0x00080d40                _init
 .init          0x00080d44        0x8 c:/program files (x86)/atmel/studio/7.0/toolchain/arm/arm-gnu-toolchain/bin/../lib/gcc/arm-none-eabi/5.3.1/armv7-m/crtn.o
                0x00080d4c                . = ALIGN (0x4)
                0x00080d4c                __preinit_array_start = .
 *(.preinit_array)
                0x00080d4c                __preinit_array_end = .
                0x00080d4c                . = ALIGN (0x4)
                0x00080d4c                __init_array_start = .
 *(SORT(.init_array.*))
 .init_array.00000
                0x00080d4c        0x4 c:/program files (x86)/atmel/studio/7.0/toolchain/arm/arm-gnu-toolchain/bin/../lib/gcc/arm-none-eabi/5.3.1/../../../../arm-none-eabi/lib/armv7-m\libc.a(lib_a-__call_atexit.o)
 *(.init_array)
 .init_array    0x00080d50        0x4 c:/program files (x86)/atmel/studio/7.0/toolchain/arm/arm-gnu-toolchain/bin/../lib/gcc/arm-none-eabi/5.3.1/armv7-m/crtbegin.o
                0x00080d54                __init_array_end = .
                0x00080d54                . = ALIGN (0x4)
 *crtbegin.o(.ctors)
 *(EXCLUDE_FILE(*crtend.o) .ctors)
 *(SORT(.ctors.*))
 *crtend.o(.ctors)
                0x00080d54                . = ALIGN (0x4)
 *(.fini)
 .fini          0x00080d54        0x4 c:/program files (x86)/atmel/studio/7.0/toolchain/arm/arm-gnu-toolchain/bin/../lib/gcc/arm-none-eabi/5.3.1/armv7-m/crti.o
                0x00080d54                _fini
 .fini          0x00080d58        0x8 c:/program files (x86)/atmel/studio/7.0/toolchain/arm/arm-gnu-toolchain/bin/../lib/gcc/arm-none-eabi/5.3.1/armv7-m/crtn.o
                0x00080d60                . = ALIGN (0x4)
                0x00080d60                __fini_array_start = .
 *(.fini_array)
 .fini_array    0x00080d60        0x4 c:/program files (x86)/atmel/studio/7.0/toolchain/arm/arm-gnu-toolchain/bin/../lib/gcc/arm-none-eabi/5.3.1/armv7-m/crtbegin.o
 *(SORT(.fini_array.*))
                0x00080d64                __fini_array_end = .
 *crtbegin.o(.dtors)
 *(EXCLUDE_FILE(*crtend.o) .dtors)
 *(SORT(.dtors.*))
 *crtend.o(.dtors)
                0x00080d64                . = ALIGN (0x4)
                0x00080d64                _efixed = .
                [!provide]                PROVIDE (__exidx_start, .)

.vfp11_veneer   0x00080d64        0x0
 .vfp11_veneer  0x00080d64        0x0 linker stubs

.v4_bx          0x00080d64        0x0
 .v4_bx         0x00080d64        0x0 linker stubs

.iplt           0x00080d64        0x0
 .iplt          0x00080d64        0x0 c:/program files (x86)/atmel/studio/7.0/toolchain/arm/arm-gnu-toolchain/bin/../lib/gcc/arm-none-eabi/5.3.1/armv7-m/crtbegin.o

.eh_frame       0x00080d64        0x0
 .eh_frame      0x00080d64        0x0 c:/program files (x86)/atmel/studio/7.0/toolchain/arm/arm-gnu-toolchain/bin/../lib/gcc/arm-none-eabi/5.3.1/armv7-m/crtbegin.o

.rel.dyn        0x00080d64        0x0
 .rel.iplt      0x00080d64        0x0 c:/program files (x86)/atmel/studio/7.0/toolchain/arm/arm-gnu-toolchain/bin/../lib/gcc/arm-none-eabi/5.3.1/armv7-m/crtbegin.o

.jcr            0x00080d64        0x0
 .jcr           0x00080d64        0x0 c:/program files (x86)/atmel/studio/7.0/toolchain/arm/arm-gnu-toolchain/bin/../lib/gcc/arm-none-eabi/5.3.1/armv7-m/crtbegin.o

.igot.plt       0x00080d64        0x0
 .igot.plt      0x00080d64        0x0 c:/program files (x86)/atmel/studio/7.0/toolchain/arm/arm-gnu-toolchain/bin/../lib/gcc/arm-none-eabi/5.3.1/armv7-m/crtbegin.o

.ARM.exidx
 *(.ARM.exidx* .gnu.linkonce.armexidx.*)
                [!provide]                PROVIDE (__exidx_end, .)
                0x00080d64                . = ALIGN (0x4)
                0x00080d64                _etext = .

.relocate       0x20070000      0x558 load address 0x00080d64
                0x20070000                . = ALIGN (0x4)
                0x20070000                _srelocate = .
 *(.ramfunc .ramfunc.*)
 .ramfunc       0x20070000      0x12c src/ASF/sam/utils/cmsis/sam3x/source/templates/system_sam3x.o
                0x20070000                SystemInit
                0x200700a4                system_init_flash
 *(.data .data.*)
 .data.SystemCoreClock
                0x2007012c        0x4 src/ASF/sam/utils/cmsis/sam3x/source/templates/system_sam3x.o
                0x2007012c                SystemCoreClock
 .data.impure_data
                0x20070130      0x428 c:/program files (x86)/atmel/studio/7.0/toolchain/arm/arm-gnu-toolchain/bin/../lib/gcc/arm-none-eabi/5.3.1/../../../../arm-none-eabi/lib/armv7-m\libc.a(lib_a-impure.o)
                0x20070558                . = ALIGN (0x4)
                0x20070558                _erelocate = .

.bss            0x20070558      0x944 load address 0x000812bc
                0x20070558                . = ALIGN (0x4)
                0x20070558                _sbss = .
                0x20070558                _szero = .
 *(.bss .bss.*)
 .bss           0x20070558       0x1c c:/program files (x86)/atmel/studio/7.0/toolchain/arm/arm-gnu-toolchain/bin/../lib/gcc/arm-none-eabi/5.3.1/armv7-m/crtbegin.o
 .bss.gs_interrupt_sources
                0x20070574       0x70 src/ASF/sam/drivers/pio/pio_handler.o
 *(COMMON)
 COMMON         0x200705e4      0x8b8 src/config/interrupts.o
                0x200705e4                TxStringTail
                0x200705e6                TxStringHead
                0x200705e8                TxString
                0x200709e8                RxString
                0x20070de8                RxFlag
                0x20070dea                RxStringTail
                0x20070dec                FirtCrankInterval
                0x20070df0                PrevCycleCounts
                0x20070df4                RxStringHead
                0x20070df6                SecondCrankInterval
                0x20070df8                CurrCycleTime
                0x20070dfc                TEETH
                0x20070e14                IGN
                0x20070e94                PrevCycleTime
                0x20070e98                CrankTooth
                0x20070e9c                . = ALIGN (0x4)
                0x20070e9c                _ebss = .
                0x20070e9c                _ezero = .

.stack          0x20070e9c     0x2004 load address 0x00081c00
                0x20070ea0                . = ALIGN (0x8)
 *fill*         0x20070e9c        0x4 
                0x20070ea0                _sstack = .
                0x20072ea0                . = (. + __stack_size__)
 *fill*         0x20070ea0     0x2000 
                0x20072ea0                . = ALIGN (0x8)
                0x20072ea0                _estack = .
                0x20072ea0                . = ALIGN (0x4)
                0x20072ea0                _end = .
OUTPUT(test.elf elf32-littlearm)

.ARM.attributes
                0x00000000       0x29
 .ARM.attributes
                0x00000000       0x1d c:/program files (x86)/atmel/studio/7.0/toolchain/arm/arm-gnu-toolchain/bin/../lib/gcc/arm-none-eabi/5.3.1/armv7-m/crti.o
 .ARM.attributes
                0x0000001d       0x2d c:/program files (x86)/atmel/studio/7.0/toolchain/arm/arm-gnu-toolchain/bin/../lib/gcc/arm-none-eabi/5.3.1/armv7-m/crtbegin.o
 .ARM.attributes
                0x0000004a       0x33 src/config/interrupts.o
 .ARM.attributes
                0x0000007d       0x33 src/config/math.o
 .ARM.attributes
                0x000000b0       0x33 src/config/timers.o
 .ARM.attributes
                0x000000e3       0x33 src/config/uart.o
 .ARM.attributes
                0x00000116       0x33 src/ASF/common/services/clock/sam3x/sysclk.o
 .ARM.attributes
                0x00000149       0x33 src/ASF/sam/boards/arduino_due_x/init.o
 .ARM.attributes
                0x0000017c       0x33 src/ASF/sam/drivers/pio/pio.o
 .ARM.attributes
                0x000001af       0x33 src/ASF/sam/drivers/pio/pio_handler.o
 .ARM.attributes
                0x000001e2       0x33 src/ASF/sam/drivers/pmc/pmc.o
 .ARM.attributes
                0x00000215       0x33 src/ASF/sam/utils/cmsis/sam3x/source/templates/exceptions.o
 .ARM.attributes
                0x00000248       0x33 src/ASF/sam/utils/cmsis/sam3x/source/templates/gcc/startup_sam3x.o
 .ARM.attributes
                0x0000027b       0x33 src/ASF/sam/utils/cmsis/sam3x/source/templates/system_sam3x.o
 .ARM.attributes
                0x000002ae       0x33 src/main.o
 .ARM.attributes
                0x000002e1       0x2d c:/program files (x86)/atmel/studio/7.0/toolchain/arm/arm-gnu-toolchain/bin/../lib/gcc/arm-none-eabi/5.3.1/../../../../arm-none-eabi/lib/armv7-m\libc.a(lib_a-impure.o)
 .ARM.attributes
                0x0000030e       0x2d c:/program files (x86)/atmel/studio/7.0/toolchain/arm/arm-gnu-toolchain/bin/../lib/gcc/arm-none-eabi/5.3.1/../../../../arm-none-eabi/lib/armv7-m\libc.a(lib_a-init.o)
 .ARM.attributes
                0x0000033b       0x2d c:/program files (x86)/atmel/studio/7.0/toolchain/arm/arm-gnu-toolchain/bin/../lib/gcc/arm-none-eabi/5.3.1/../../../../arm-none-eabi/lib/armv7-m\libc.a(lib_a-__call_atexit.o)
 .ARM.attributes
                0x00000368       0x2d c:/program files (x86)/atmel/studio/7.0/toolchain/arm/arm-gnu-toolchain/bin/../lib/gcc/arm-none-eabi/5.3.1/../../../../arm-none-eabi/lib/armv7-m\libc.a(lib_a-atexit.o)
 .ARM.attributes
                0x00000395       0x2d c:/program files (x86)/atmel/studio/7.0/toolchain/arm/arm-gnu-toolchain/bin/../lib/gcc/arm-none-eabi/5.3.1/../../../../arm-none-eabi/lib/armv7-m\libc.a(lib_a-fini.o)
 .ARM.attributes
                0x000003c2       0x2d c:/program files (x86)/atmel/studio/7.0/toolchain/arm/arm-gnu-toolchain/bin/../lib/gcc/arm-none-eabi/5.3.1/../../../../arm-none-eabi/lib/armv7-m\libc.a(lib_a-__atexit.o)
 .ARM.attributes
                0x000003ef       0x1d c:/program files (x86)/atmel/studio/7.0/toolchain/arm/arm-gnu-toolchain/bin/../lib/gcc/arm-none-eabi/5.3.1/armv7-m/crtn.o

.comment        0x00000000       0x59
 .comment       0x00000000       0x59 src/config/interrupts.o
                                 0x5a (size before relaxing)
 .comment       0x00000059       0x5a src/config/math.o
 .comment       0x00000059       0x5a src/config/timers.o
 .comment       0x00000059       0x5a src/config/uart.o
 .comment       0x00000059       0x5a src/ASF/common/services/clock/sam3x/sysclk.o
 .comment       0x00000059       0x5a src/ASF/sam/boards/arduino_due_x/init.o
 .comment       0x00000059       0x5a src/ASF/sam/drivers/pio/pio.o
 .comment       0x00000059       0x5a src/ASF/sam/drivers/pio/pio_handler.o
 .comment       0x00000059       0x5a src/ASF/sam/drivers/pmc/pmc.o
 .comment       0x00000059       0x5a src/ASF/sam/utils/cmsis/sam3x/source/templates/exceptions.o
 .comment       0x00000059       0x5a src/ASF/sam/utils/cmsis/sam3x/source/templates/gcc/startup_sam3x.o
 .comment       0x00000059       0x5a src/ASF/sam/utils/cmsis/sam3x/source/templates/system_sam3x.o
 .comment       0x00000059       0x5a src/main.o

.debug_info     0x00000000     0x7d7d
 .debug_info    0x00000000     0x10ab src/config/interrupts.o
 .debug_info    0x000010ab      0x375 src/config/math.o
 .debug_info    0x00001420      0xd8e src/config/timers.o
 .debug_info    0x000021ae      0x712 src/config/uart.o
 .debug_info    0x000028c0      0x79d src/ASF/common/services/clock/sam3x/sysclk.o
 .debug_info    0x0000305d      0x767 src/ASF/sam/boards/arduino_due_x/init.o
 .debug_info    0x000037c4     0x1384 src/ASF/sam/drivers/pio/pio.o
 .debug_info    0x00004b48      0xe3c src/ASF/sam/drivers/pio/pio_handler.o
 .debug_info    0x00005984     0x1097 src/ASF/sam/drivers/pmc/pmc.o
 .debug_info    0x00006a1b      0x125 src/ASF/sam/utils/cmsis/sam3x/source/templates/exceptions.o
 .debug_info    0x00006b40      0x3d3 src/ASF/sam/utils/cmsis/sam3x/source/templates/gcc/startup_sam3x.o
 .debug_info    0x00006f13      0x4c6 src/ASF/sam/utils/cmsis/sam3x/source/templates/system_sam3x.o
 .debug_info    0x000073d9      0x9a4 src/main.o

.debug_abbrev   0x00000000     0x161c
 .debug_abbrev  0x00000000      0x1f2 src/config/interrupts.o
 .debug_abbrev  0x000001f2      0x13d src/config/math.o
 .debug_abbrev  0x0000032f      0x181 src/config/timers.o
 .debug_abbrev  0x000004b0      0x1c0 src/config/uart.o
 .debug_abbrev  0x00000670      0x241 src/ASF/common/services/clock/sam3x/sysclk.o
 .debug_abbrev  0x000008b1      0x17a src/ASF/sam/boards/arduino_due_x/init.o
 .debug_abbrev  0x00000a2b      0x2de src/ASF/sam/drivers/pio/pio.o
 .debug_abbrev  0x00000d09      0x271 src/ASF/sam/drivers/pio/pio_handler.o
 .debug_abbrev  0x00000f7a      0x268 src/ASF/sam/drivers/pmc/pmc.o
 .debug_abbrev  0x000011e2       0x8f src/ASF/sam/utils/cmsis/sam3x/source/templates/exceptions.o
 .debug_abbrev  0x00001271      0x11b src/ASF/sam/utils/cmsis/sam3x/source/templates/gcc/startup_sam3x.o
 .debug_abbrev  0x0000138c      0x115 src/ASF/sam/utils/cmsis/sam3x/source/templates/system_sam3x.o
 .debug_abbrev  0x000014a1      0x17b src/main.o

.debug_loc      0x00000000     0x25ad
 .debug_loc     0x00000000      0x18b src/config/interrupts.o
 .debug_loc     0x0000018b      0x150 src/config/math.o
 .debug_loc     0x000002db       0xec src/config/timers.o
 .debug_loc     0x000003c7      0x16c src/config/uart.o
 .debug_loc     0x00000533      0x183 src/ASF/common/services/clock/sam3x/sysclk.o
 .debug_loc     0x000006b6       0x70 src/ASF/sam/boards/arduino_due_x/init.o
 .debug_loc     0x00000726      0xb2a src/ASF/sam/drivers/pio/pio.o
 .debug_loc     0x00001250      0x522 src/ASF/sam/drivers/pio/pio_handler.o
 .debug_loc     0x00001772      0xd57 src/ASF/sam/drivers/pmc/pmc.o
 .debug_loc     0x000024c9       0x5e src/ASF/sam/utils/cmsis/sam3x/source/templates/gcc/startup_sam3x.o
 .debug_loc     0x00002527       0x86 src/main.o

.debug_aranges  0x00000000      0x5a0
 .debug_aranges
                0x00000000       0x30 src/config/interrupts.o
 .debug_aranges
                0x00000030       0x30 src/config/math.o
 .debug_aranges
                0x00000060       0x68 src/config/timers.o
 .debug_aranges
                0x000000c8       0x40 src/config/uart.o
 .debug_aranges
                0x00000108       0x40 src/ASF/common/services/clock/sam3x/sysclk.o
 .debug_aranges
                0x00000148       0x20 src/ASF/sam/boards/arduino_due_x/init.o
 .debug_aranges
                0x00000168      0x148 src/ASF/sam/drivers/pio/pio.o
 .debug_aranges
                0x000002b0       0x50 src/ASF/sam/drivers/pio/pio_handler.o
 .debug_aranges
                0x00000300      0x200 src/ASF/sam/drivers/pmc/pmc.o
 .debug_aranges
                0x00000500       0x20 src/ASF/sam/utils/cmsis/sam3x/source/templates/exceptions.o
 .debug_aranges
                0x00000520       0x20 src/ASF/sam/utils/cmsis/sam3x/source/templates/gcc/startup_sam3x.o
 .debug_aranges
                0x00000540       0x30 src/ASF/sam/utils/cmsis/sam3x/source/templates/system_sam3x.o
 .debug_aranges
                0x00000570       0x30 src/main.o

.debug_ranges   0x00000000      0x4e8
 .debug_ranges  0x00000000       0x20 src/config/interrupts.o
 .debug_ranges  0x00000020       0x20 src/config/math.o
 .debug_ranges  0x00000040       0x58 src/config/timers.o
 .debug_ranges  0x00000098       0x48 src/config/uart.o
 .debug_ranges  0x000000e0       0x30 src/ASF/common/services/clock/sam3x/sysclk.o
 .debug_ranges  0x00000110       0x10 src/ASF/sam/boards/arduino_due_x/init.o
 .debug_ranges  0x00000120      0x138 src/ASF/sam/drivers/pio/pio.o
 .debug_ranges  0x00000258       0x40 src/ASF/sam/drivers/pio/pio_handler.o
 .debug_ranges  0x00000298      0x1f0 src/ASF/sam/drivers/pmc/pmc.o
 .debug_ranges  0x00000488       0x10 src/ASF/sam/utils/cmsis/sam3x/source/templates/exceptions.o
 .debug_ranges  0x00000498       0x10 src/ASF/sam/utils/cmsis/sam3x/source/templates/gcc/startup_sam3x.o
 .debug_ranges  0x000004a8       0x20 src/ASF/sam/utils/cmsis/sam3x/source/templates/system_sam3x.o
 .debug_ranges  0x000004c8       0x20 src/main.o

.debug_macro    0x00000000    0x16756
 .debug_macro   0x00000000      0x637 src/config/interrupts.o
 .debug_macro   0x00000637      0x16d src/config/interrupts.o
 .debug_macro   0x000007a4      0x652 src/config/interrupts.o
 .debug_macro   0x00000df6       0x76 src/config/interrupts.o
 .debug_macro   0x00000e6c       0x16 src/config/interrupts.o
 .debug_macro   0x00000e82      0x6e4 src/config/interrupts.o
 .debug_macro   0x00001566       0x22 src/config/interrupts.o
 .debug_macro   0x00001588       0x87 src/config/interrupts.o
 .debug_macro   0x0000160f       0x44 src/config/interrupts.o
 .debug_macro   0x00001653       0xfd src/config/interrupts.o
 .debug_macro   0x00001750       0x22 src/config/interrupts.o
 .debug_macro   0x00001772      0x1df src/config/interrupts.o
 .debug_macro   0x00001951       0x20 src/config/interrupts.o
 .debug_macro   0x00001971       0x3a src/config/interrupts.o
 .debug_macro   0x000019ab       0x2d src/config/interrupts.o
 .debug_macro   0x000019d8      0xbb1 src/config/interrupts.o
 .debug_macro   0x00002589      0xab6 src/config/interrupts.o
 .debug_macro   0x0000303f      0x569 src/config/interrupts.o
 .debug_macro   0x000035a8      0x2b5 src/config/interrupts.o
 .debug_macro   0x0000385d      0x31a src/config/interrupts.o
 .debug_macro   0x00003b77      0x74f src/config/interrupts.o
 .debug_macro   0x000042c6       0x82 src/config/interrupts.o
 .debug_macro   0x00004348      0x57b src/config/interrupts.o
 .debug_macro   0x000048c3       0x1c src/config/interrupts.o
 .debug_macro   0x000048df      0x6b7 src/config/interrupts.o
 .debug_macro   0x00004f96      0x52d src/config/interrupts.o
 .debug_macro   0x000054c3       0xbe src/config/interrupts.o
 .debug_macro   0x00005581     0x2342 src/config/interrupts.o
 .debug_macro   0x000078c3      0x85d src/config/interrupts.o
 .debug_macro   0x00008120      0xdc9 src/config/interrupts.o
 .debug_macro   0x00008ee9       0x7c src/config/interrupts.o
 .debug_macro   0x00008f65      0x263 src/config/interrupts.o
 .debug_macro   0x000091c8       0x58 src/config/interrupts.o
 .debug_macro   0x00009220      0x9a7 src/config/interrupts.o
 .debug_macro   0x00009bc7      0x248 src/config/interrupts.o
 .debug_macro   0x00009e0f      0x4df src/config/interrupts.o
 .debug_macro   0x0000a2ee      0x6b3 src/config/interrupts.o
 .debug_macro   0x0000a9a1      0x59f src/config/interrupts.o
 .debug_macro   0x0000af40       0x46 src/config/interrupts.o
 .debug_macro   0x0000af86      0x34d src/config/interrupts.o
 .debug_macro   0x0000b2d3      0x28c src/config/interrupts.o
 .debug_macro   0x0000b55f     0x14d7 src/config/interrupts.o
 .debug_macro   0x0000ca36      0x7ba src/config/interrupts.o
 .debug_macro   0x0000d1f0       0x76 src/config/interrupts.o
 .debug_macro   0x0000d266       0x82 src/config/interrupts.o
 .debug_macro   0x0000d2e8       0x76 src/config/interrupts.o
 .debug_macro   0x0000d35e       0x4c src/config/interrupts.o
 .debug_macro   0x0000d3aa      0x105 src/config/interrupts.o
 .debug_macro   0x0000d4af      0x105 src/config/interrupts.o
 .debug_macro   0x0000d5b4      0x105 src/config/interrupts.o
 .debug_macro   0x0000d6b9       0x88 src/config/interrupts.o
 .debug_macro   0x0000d741       0x88 src/config/interrupts.o
 .debug_macro   0x0000d7c9      0x3b4 src/config/interrupts.o
 .debug_macro   0x0000db7d       0xb8 src/config/interrupts.o
 .debug_macro   0x0000dc35       0xb8 src/config/interrupts.o
 .debug_macro   0x0000dced       0xb8 src/config/interrupts.o
 .debug_macro   0x0000dda5       0xb8 src/config/interrupts.o
 .debug_macro   0x0000de5d      0x2b8 src/config/interrupts.o
 .debug_macro   0x0000e115      0x125 src/config/interrupts.o
 .debug_macro   0x0000e23a      0x225 src/config/interrupts.o
 .debug_macro   0x0000e45f      0x225 src/config/interrupts.o
 .debug_macro   0x0000e684       0x2e src/config/interrupts.o
 .debug_macro   0x0000e6b2       0xac src/config/interrupts.o
 .debug_macro   0x0000e75e      0x14d src/config/interrupts.o
 .debug_macro   0x0000e8ab       0x7c src/config/interrupts.o
 .debug_macro   0x0000e927      0x205 src/config/interrupts.o
 .debug_macro   0x0000eb2c       0x64 src/config/interrupts.o
 .debug_macro   0x0000eb90       0xa6 src/config/interrupts.o
 .debug_macro   0x0000ec36       0x7c src/config/interrupts.o
 .debug_macro   0x0000ecb2       0x16 src/config/interrupts.o
 .debug_macro   0x0000ecc8       0x22 src/config/interrupts.o
 .debug_macro   0x0000ecea       0x22 src/config/interrupts.o
 .debug_macro   0x0000ed0c      0x115 src/config/interrupts.o
 .debug_macro   0x0000ee21      0x115 src/config/interrupts.o
 .debug_macro   0x0000ef36      0x115 src/config/interrupts.o
 .debug_macro   0x0000f04b      0x115 src/config/interrupts.o
 .debug_macro   0x0000f160       0x1c src/config/interrupts.o
 .debug_macro   0x0000f17c       0x2e src/config/interrupts.o
 .debug_macro   0x0000f1aa       0x22 src/config/interrupts.o
 .debug_macro   0x0000f1cc       0x1c src/config/interrupts.o
 .debug_macro   0x0000f1e8       0x58 src/config/interrupts.o
 .debug_macro   0x0000f240       0x10 src/config/interrupts.o
 .debug_macro   0x0000f250      0x273 src/config/interrupts.o
 .debug_macro   0x0000f4c3      0xd43 src/config/interrupts.o
 .debug_macro   0x00010206      0x131 src/config/interrupts.o
 .debug_macro   0x00010337       0x52 src/config/interrupts.o
 .debug_macro   0x00010389       0x35 src/config/interrupts.o
 .debug_macro   0x000103be       0x9c src/config/interrupts.o
 .debug_macro   0x0001045a       0x16 src/config/interrupts.o
 .debug_macro   0x00010470       0x35 src/config/interrupts.o
 .debug_macro   0x000104a5      0x330 src/config/interrupts.o
 .debug_macro   0x000107d5       0x10 src/config/interrupts.o
 .debug_macro   0x000107e5       0x52 src/config/interrupts.o
 .debug_macro   0x00010837       0x16 src/config/interrupts.o
 .debug_macro   0x0001084d       0x43 src/config/interrupts.o
 .debug_macro   0x00010890      0x187 src/config/interrupts.o
 .debug_macro   0x00010a17       0x22 src/config/interrupts.o
 .debug_macro   0x00010a39       0x3a src/config/interrupts.o
 .debug_macro   0x00010a73       0x10 src/config/interrupts.o
 .debug_macro   0x00010a83       0x40 src/config/interrupts.o
 .debug_macro   0x00010ac3       0x6c src/config/interrupts.o
 .debug_macro   0x00010b2f       0x16 src/config/interrupts.o
 .debug_macro   0x00010b45      0x182 src/config/interrupts.o
 .debug_macro   0x00010cc7       0x22 src/config/interrupts.o
 .debug_macro   0x00010ce9       0x16 src/config/interrupts.o
 .debug_macro   0x00010cff       0x16 src/config/interrupts.o
 .debug_macro   0x00010d15       0x29 src/config/interrupts.o
 .debug_macro   0x00010d3e       0x75 src/config/interrupts.o
 .debug_macro   0x00010db3       0x45 src/config/interrupts.o
 .debug_macro   0x00010df8      0x3ca src/config/interrupts.o
 .debug_macro   0x000111c2       0x94 src/config/interrupts.o
 .debug_macro   0x00011256       0x40 src/config/interrupts.o
 .debug_macro   0x00011296      0x2bf src/config/interrupts.o
 .debug_macro   0x00011555      0x790 src/config/interrupts.o
 .debug_macro   0x00011ce5       0x34 src/config/interrupts.o
 .debug_macro   0x00011d19       0x5e src/config/interrupts.o
 .debug_macro   0x00011d77       0x64 src/config/interrupts.o
 .debug_macro   0x00011ddb       0x5f src/config/interrupts.o
 .debug_macro   0x00011e3a       0x90 src/config/interrupts.o
 .debug_macro   0x00011eca       0x6a src/config/interrupts.o
 .debug_macro   0x00011f34       0x34 src/config/interrupts.o
 .debug_macro   0x00011f68       0x34 src/config/interrupts.o
 .debug_macro   0x00011f9c       0x28 src/config/interrupts.o
 .debug_macro   0x00011fc4      0x628 src/config/math.o
 .debug_macro   0x000125ec      0x633 src/config/timers.o
 .debug_macro   0x00012c1f      0x613 src/config/uart.o
 .debug_macro   0x00013232      0x5a5 src/ASF/common/services/clock/sam3x/sysclk.o
 .debug_macro   0x000137d7      0x2b9 src/ASF/common/services/clock/sam3x/sysclk.o
 .debug_macro   0x00013a90      0x5e8 src/ASF/sam/boards/arduino_due_x/init.o
 .debug_macro   0x00014078       0x16 src/ASF/sam/boards/arduino_due_x/init.o
 .debug_macro   0x0001408e      0x540 src/ASF/sam/drivers/pio/pio.o
 .debug_macro   0x000145ce       0x8e src/ASF/sam/drivers/pio/pio.o
 .debug_macro   0x0001465c      0x544 src/ASF/sam/drivers/pio/pio_handler.o
 .debug_macro   0x00014ba0      0x53a src/ASF/sam/drivers/pmc/pmc.o
 .debug_macro   0x000150da       0x58 src/ASF/sam/drivers/pmc/pmc.o
 .debug_macro   0x00015132      0x539 src/ASF/sam/utils/cmsis/sam3x/source/templates/exceptions.o
 .debug_macro   0x0001566b      0x547 src/ASF/sam/utils/cmsis/sam3x/source/templates/gcc/startup_sam3x.o
 .debug_macro   0x00015bb2      0x547 src/ASF/sam/utils/cmsis/sam3x/source/templates/system_sam3x.o
 .debug_macro   0x000160f9       0x26 src/ASF/sam/utils/cmsis/sam3x/source/templates/system_sam3x.o
 .debug_macro   0x0001611f      0x637 src/main.o

.debug_line     0x00000000     0xab20
 .debug_line    0x00000000      0xdbc src/config/interrupts.o
 .debug_line    0x00000dbc      0xd83 src/config/math.o
 .debug_line    0x00001b3f      0xe36 src/config/timers.o
 .debug_line    0x00002975      0xdc7 src/config/uart.o
 .debug_line    0x0000373c      0xc8a src/ASF/common/services/clock/sam3x/sysclk.o
 .debug_line    0x000043c6      0xd21 src/ASF/sam/boards/arduino_due_x/init.o
 .debug_line    0x000050e7      0xe80 src/ASF/sam/drivers/pio/pio.o
 .debug_line    0x00005f67      0xbc9 src/ASF/sam/drivers/pio/pio_handler.o
 .debug_line    0x00006b30     0x10ad src/ASF/sam/drivers/pmc/pmc.o
 .debug_line    0x00007bdd      0xaf7 src/ASF/sam/utils/cmsis/sam3x/source/templates/exceptions.o
 .debug_line    0x000086d4      0xb41 src/ASF/sam/utils/cmsis/sam3x/source/templates/gcc/startup_sam3x.o
 .debug_line    0x00009215      0xb5f src/ASF/sam/utils/cmsis/sam3x/source/templates/system_sam3x.o
 .debug_line    0x00009d74      0xdac src/main.o

.debug_str      0x00000000    0x61c38
 .debug_str     0x00000000    0x607ba src/config/interrupts.o
                              0x60b1a (size before relaxing)
 .debug_str     0x000607ba       0x73 src/config/math.o
                              0x6046f (size before relaxing)
 .debug_str     0x0006082d       0xbf src/config/timers.o
                              0x60a6a (size before relaxing)
 .debug_str     0x000608ec      0x163 src/config/uart.o
                              0x60569 (size before relaxing)
 .debug_str     0x00060a4f      0x230 src/ASF/common/services/clock/sam3x/sysclk.o
                              0x5fc94 (size before relaxing)
 .debug_str     0x00060c7f       0xcf src/ASF/sam/boards/arduino_due_x/init.o
                              0x6044e (size before relaxing)
 .debug_str     0x00060d4e      0x432 src/ASF/sam/drivers/pio/pio.o
                              0x5c6c0 (size before relaxing)
 .debug_str     0x00061180      0x128 src/ASF/sam/drivers/pio/pio_handler.o
                              0x5c6fb (size before relaxing)
 .debug_str     0x000612a8      0x691 src/ASF/sam/drivers/pmc/pmc.o
                              0x5c736 (size before relaxing)
 .debug_str     0x00061939       0x4d src/ASF/sam/utils/cmsis/sam3x/source/templates/exceptions.o
                              0x5bd35 (size before relaxing)
 .debug_str     0x00061986       0xb2 src/ASF/sam/utils/cmsis/sam3x/source/templates/gcc/startup_sam3x.o
                              0x5be0a (size before relaxing)
 .debug_str     0x00061a38      0x1cd src/ASF/sam/utils/cmsis/sam3x/source/templates/system_sam3x.o
                              0x5c01d (size before relaxing)
 .debug_str     0x00061c05       0x33 src/main.o
                              0x60735 (size before relaxing)

.debug_frame    0x00000000      0xc78
 .debug_frame   0x00000000       0x60 src/config/interrupts.o
 .debug_frame   0x00000060       0x4c src/config/math.o
 .debug_frame   0x000000ac       0xd8 src/config/timers.o
 .debug_frame   0x00000184       0x88 src/config/uart.o
 .debug_frame   0x0000020c       0x88 src/ASF/common/services/clock/sam3x/sysclk.o
 .debug_frame   0x00000294       0x28 src/ASF/sam/boards/arduino_due_x/init.o
 .debug_frame   0x000002bc      0x2b8 src/ASF/sam/drivers/pio/pio.o
 .debug_frame   0x00000574       0xe0 src/ASF/sam/drivers/pio/pio_handler.o
 .debug_frame   0x00000654      0x450 src/ASF/sam/drivers/pmc/pmc.o
 .debug_frame   0x00000aa4       0x20 src/ASF/sam/utils/cmsis/sam3x/source/templates/exceptions.o
 .debug_frame   0x00000ac4       0x28 src/ASF/sam/utils/cmsis/sam3x/source/templates/gcc/startup_sam3x.o
 .debug_frame   0x00000aec       0x40 src/ASF/sam/utils/cmsis/sam3x/source/templates/system_sam3x.o
 .debug_frame   0x00000b2c       0x48 src/main.o
 .debug_frame   0x00000b74       0x2c c:/program files (x86)/atmel/studio/7.0/toolchain/arm/arm-gnu-toolchain/bin/../lib/gcc/arm-none-eabi/5.3.1/../../../../arm-none-eabi/lib/armv7-m\libc.a(lib_a-init.o)
 .debug_frame   0x00000ba0       0x50 c:/program files (x86)/atmel/studio/7.0/toolchain/arm/arm-gnu-toolchain/bin/../lib/gcc/arm-none-eabi/5.3.1/../../../../arm-none-eabi/lib/armv7-m\libc.a(lib_a-__call_atexit.o)
 .debug_frame   0x00000bf0       0x20 c:/program files (x86)/atmel/studio/7.0/toolchain/arm/arm-gnu-toolchain/bin/../lib/gcc/arm-none-eabi/5.3.1/../../../../arm-none-eabi/lib/armv7-m\libc.a(lib_a-atexit.o)
 .debug_frame   0x00000c10       0x34 c:/program files (x86)/atmel/studio/7.0/toolchain/arm/arm-gnu-toolchain/bin/../lib/gcc/arm-none-eabi/5.3.1/../../../../arm-none-eabi/lib/armv7-m\libc.a(lib_a-fini.o)
 .debug_frame   0x00000c44       0x34 c:/program files (x86)/atmel/studio/7.0/toolchain/arm/arm-gnu-toolchain/bin/../lib/gcc/arm-none-eabi/5.3.1/../../../../arm-none-eabi/lib/armv7-m\libc.a(lib_a-__atexit.o)

Cross Reference Table

Symbol                                            File
ADC_Handler                                       src/ASF/sam/utils/cmsis/sam3x/source/templates/exceptions.o
                                                  src/ASF/sam/utils/cmsis/sam3x/source/templates/gcc/startup_sam3x.o
BusFault_Handler                                  src/ASF/sam/utils/cmsis/sam3x/source/templates/exceptions.o
                                                  src/ASF/sam/utils/cmsis/sam3x/source/templates/gcc/startup_sam3x.o
CAN0_Handler                                      src/ASF/sam/utils/cmsis/sam3x/source/templates/exceptions.o
                                                  src/ASF/sam/utils/cmsis/sam3x/source/templates/gcc/startup_sam3x.o
CAN1_Handler                                      src/ASF/sam/utils/cmsis/sam3x/source/templates/exceptions.o
                                                  src/ASF/sam/utils/cmsis/sam3x/source/templates/gcc/startup_sam3x.o
CrankTooth                                        src/main.o
                                                  src/config/timers.o
                                                  src/config/math.o
                                                  src/config/interrupts.o
CurrCycleTime                                     src/main.o
                                                  src/config/timers.o
                                                  src/config/math.o
                                                  src/config/interrupts.o
DACC_Handler                                      src/ASF/sam/utils/cmsis/sam3x/source/templates/exceptions.o
                                                  src/ASF/sam/utils/cmsis/sam3x/source/templates/gcc/startup_sam3x.o
DMAC_Handler                                      src/ASF/sam/utils/cmsis/sam3x/source/templates/exceptions.o
                                                  src/ASF/sam/utils/cmsis/sam3x/source/templates/gcc/startup_sam3x.o
DebugMon_Handler                                  src/ASF/sam/utils/cmsis/sam3x/source/templates/exceptions.o
                                                  src/ASF/sam/utils/cmsis/sam3x/source/templates/gcc/startup_sam3x.o
Dummy_Handler                                     src/ASF/sam/utils/cmsis/sam3x/source/templates/exceptions.o
EFC0_Handler                                      src/ASF/sam/utils/cmsis/sam3x/source/templates/exceptions.o
                                                  src/ASF/sam/utils/cmsis/sam3x/source/templates/gcc/startup_sam3x.o
EFC1_Handler                                      src/ASF/sam/utils/cmsis/sam3x/source/templates/exceptions.o
                                                  src/ASF/sam/utils/cmsis/sam3x/source/templates/gcc/startup_sam3x.o
EMAC_Handler                                      src/ASF/sam/utils/cmsis/sam3x/source/templates/exceptions.o
                                                  src/ASF/sam/utils/cmsis/sam3x/source/templates/gcc/startup_sam3x.o
FirtCrankInterval                                 src/main.o
                                                  src/config/timers.o
                                                  src/config/math.o
                                                  src/config/interrupts.o
HSMCI_Handler                                     src/ASF/sam/utils/cmsis/sam3x/source/templates/exceptions.o
                                                  src/ASF/sam/utils/cmsis/sam3x/source/templates/gcc/startup_sam3x.o
HardFault_Handler                                 src/ASF/sam/utils/cmsis/sam3x/source/templates/exceptions.o
                                                  src/ASF/sam/utils/cmsis/sam3x/source/templates/gcc/startup_sam3x.o
IGN                                               src/main.o
                                                  src/config/timers.o
                                                  src/config/math.o
                                                  src/config/interrupts.o
MemManage_Handler                                 src/ASF/sam/utils/cmsis/sam3x/source/templates/exceptions.o
                                                  src/ASF/sam/utils/cmsis/sam3x/source/templates/gcc/startup_sam3x.o
NMI_Handler                                       src/ASF/sam/utils/cmsis/sam3x/source/templates/exceptions.o
                                                  src/ASF/sam/utils/cmsis/sam3x/source/templates/gcc/startup_sam3x.o
PIOA_Handler                                      src/config/interrupts.o
                                                  src/ASF/sam/utils/cmsis/sam3x/source/templates/gcc/startup_sam3x.o
PIOB_Handler                                      src/ASF/sam/drivers/pio/pio_handler.o
                                                  src/ASF/sam/utils/cmsis/sam3x/source/templates/gcc/startup_sam3x.o
PIOC_Handler                                      src/ASF/sam/drivers/pio/pio_handler.o
                                                  src/ASF/sam/utils/cmsis/sam3x/source/templates/gcc/startup_sam3x.o
PIOD_Handler                                      src/ASF/sam/drivers/pio/pio_handler.o
                                                  src/ASF/sam/utils/cmsis/sam3x/source/templates/gcc/startup_sam3x.o
PMC_Handler                                       src/ASF/sam/utils/cmsis/sam3x/source/templates/exceptions.o
                                                  src/ASF/sam/utils/cmsis/sam3x/source/templates/gcc/startup_sam3x.o
PWM_Handler                                       src/ASF/sam/utils/cmsis/sam3x/source/templates/exceptions.o
                                                  src/ASF/sam/utils/cmsis/sam3x/source/templates/gcc/startup_sam3x.o
PendSV_Handler                                    src/ASF/sam/utils/cmsis/sam3x/source/templates/exceptions.o
                                                  src/ASF/sam/utils/cmsis/sam3x/source/templates/gcc/startup_sam3x.o
PrevCycleCounts                                   src/main.o
                                                  src/config/timers.o
                                                  src/config/math.o
                                                  src/config/interrupts.o
PrevCycleTime                                     src/main.o
                                                  src/config/timers.o
                                                  src/config/math.o
                                                  src/config/interrupts.o
RSTC_Handler                                      src/ASF/sam/utils/cmsis/sam3x/source/templates/exceptions.o
                                                  src/ASF/sam/utils/cmsis/sam3x/source/templates/gcc/startup_sam3x.o
RTC_Handler                                       src/ASF/sam/utils/cmsis/sam3x/source/templates/exceptions.o
                                                  src/ASF/sam/utils/cmsis/sam3x/source/templates/gcc/startup_sam3x.o
RTT_Handler                                       src/ASF/sam/utils/cmsis/sam3x/source/templates/exceptions.o
                                                  src/ASF/sam/utils/cmsis/sam3x/source/templates/gcc/startup_sam3x.o
Reset_Handler                                     src/ASF/sam/utils/cmsis/sam3x/source/templates/gcc/startup_sam3x.o
RxFlag                                            src/main.o
                                                  src/config/uart.o
                                                  src/config/timers.o
                                                  src/config/math.o
                                                  src/config/interrupts.o
RxString                                          src/main.o
                                                  src/config/uart.o
                                                  src/config/timers.o
                                                  src/config/math.o
                                                  src/config/interrupts.o
RxStringHead                                      src/main.o
                                                  src/config/uart.o
                                                  src/config/timers.o
                                                  src/config/math.o
                                                  src/config/interrupts.o
RxStringTail                                      src/main.o
                                                  src/config/uart.o
                                                  src/config/timers.o
                                                  src/config/math.o
                                                  src/config/interrupts.o
SMC_Handler                                       src/ASF/sam/utils/cmsis/sam3x/source/templates/exceptions.o
                                                  src/ASF/sam/utils/cmsis/sam3x/source/templates/gcc/startup_sam3x.o
SPI0_Handler                                      src/ASF/sam/utils/cmsis/sam3x/source/templates/exceptions.o
                                                  src/ASF/sam/utils/cmsis/sam3x/source/templates/gcc/startup_sam3x.o
SSC_Handler                                       src/ASF/sam/utils/cmsis/sam3x/source/templates/exceptions.o
                                                  src/ASF/sam/utils/cmsis/sam3x/source/templates/gcc/startup_sam3x.o
SUPC_Handler                                      src/ASF/sam/utils/cmsis/sam3x/source/templates/exceptions.o
                                                  src/ASF/sam/utils/cmsis/sam3x/source/templates/gcc/startup_sam3x.o
SVC_Handler                                       src/ASF/sam/utils/cmsis/sam3x/source/templates/exceptions.o
                                                  src/ASF/sam/utils/cmsis/sam3x/source/templates/gcc/startup_sam3x.o
SecondCrankInterval                               src/main.o
                                                  src/config/timers.o
                                                  src/config/math.o
                                                  src/config/interrupts.o
SysTick_Handler                                   src/ASF/sam/utils/cmsis/sam3x/source/templates/exceptions.o
                                                  src/ASF/sam/utils/cmsis/sam3x/source/templates/gcc/startup_sam3x.o
SystemCoreClock                                   src/ASF/sam/utils/cmsis/sam3x/source/templates/system_sam3x.o
SystemCoreClockUpdate                             src/ASF/sam/utils/cmsis/sam3x/source/templates/system_sam3x.o
                                                  src/ASF/common/services/clock/sam3x/sysclk.o
SystemInit                                        src/ASF/sam/utils/cmsis/sam3x/source/templates/system_sam3x.o
TC0_Handler                                       src/config/timers.o
                                                  src/ASF/sam/utils/cmsis/sam3x/source/templates/gcc/startup_sam3x.o
TC1_Handler                                       src/config/timers.o
                                                  src/ASF/sam/utils/cmsis/sam3x/source/templates/gcc/startup_sam3x.o
TC2_Handler                                       src/config/timers.o
                                                  src/ASF/sam/utils/cmsis/sam3x/source/templates/gcc/startup_sam3x.o
TC3_Handler                                       src/config/timers.o
                                                  src/ASF/sam/utils/cmsis/sam3x/source/templates/gcc/startup_sam3x.o
TC4_Handler                                       src/ASF/sam/utils/cmsis/sam3x/source/templates/exceptions.o
                                                  src/ASF/sam/utils/cmsis/sam3x/source/templates/gcc/startup_sam3x.o
TC5_Handler                                       src/ASF/sam/utils/cmsis/sam3x/source/templates/exceptions.o
                                                  src/ASF/sam/utils/cmsis/sam3x/source/templates/gcc/startup_sam3x.o
TC6_Handler                                       src/ASF/sam/utils/cmsis/sam3x/source/templates/exceptions.o
                                                  src/ASF/sam/utils/cmsis/sam3x/source/templates/gcc/startup_sam3x.o
TC7_Handler                                       src/ASF/sam/utils/cmsis/sam3x/source/templates/exceptions.o
                                                  src/ASF/sam/utils/cmsis/sam3x/source/templates/gcc/startup_sam3x.o
TC8_Handler                                       src/config/timers.o
                                                  src/ASF/sam/utils/cmsis/sam3x/source/templates/gcc/startup_sam3x.o
TEETH                                             src/main.o
                                                  src/config/timers.o
                                                  src/config/math.o
                                                  src/config/interrupts.o
TRNG_Handler                                      src/ASF/sam/utils/cmsis/sam3x/source/templates/exceptions.o
                                                  src/ASF/sam/utils/cmsis/sam3x/source/templates/gcc/startup_sam3x.o
TWI0_Handler                                      src/ASF/sam/utils/cmsis/sam3x/source/templates/exceptions.o
                                                  src/ASF/sam/utils/cmsis/sam3x/source/templates/gcc/startup_sam3x.o
TWI1_Handler                                      src/ASF/sam/utils/cmsis/sam3x/source/templates/exceptions.o
                                                  src/ASF/sam/utils/cmsis/sam3x/source/templates/gcc/startup_sam3x.o
TxString                                          src/main.o
                                                  src/config/uart.o
                                                  src/config/timers.o
                                                  src/config/math.o
                                                  src/config/interrupts.o
TxStringHead                                      src/main.o
                                                  src/config/uart.o
                                                  src/config/timers.o
                                                  src/config/math.o
                                                  src/config/interrupts.o
TxStringTail                                      src/main.o
                                                  src/config/uart.o
                                                  src/config/timers.o
                                                  src/config/math.o
                                                  src/config/interrupts.o
UART_Handler                                      src/ASF/sam/utils/cmsis/sam3x/source/templates/exceptions.o
                                                  src/ASF/sam/utils/cmsis/sam3x/source/templates/gcc/startup_sam3x.o
UOTGHS_Handler                                    src/ASF/sam/utils/cmsis/sam3x/source/templates/exceptions.o
                                                  src/ASF/sam/utils/cmsis/sam3x/source/templates/gcc/startup_sam3x.o
USART0_Handler                                    src/ASF/sam/utils/cmsis/sam3x/source/templates/exceptions.o
                                                  src/ASF/sam/utils/cmsis/sam3x/source/templates/gcc/startup_sam3x.o
USART1_Handler                                    src/ASF/sam/utils/cmsis/sam3x/source/templates/exceptions.o
                                                  src/ASF/sam/utils/cmsis/sam3x/source/templates/gcc/startup_sam3x.o
USART2_Handler                                    src/ASF/sam/utils/cmsis/sam3x/source/templates/exceptions.o
                                                  src/ASF/sam/utils/cmsis/sam3x/source/templates/gcc/startup_sam3x.o
USART3_Handler                                    src/ASF/sam/utils/cmsis/sam3x/source/templates/exceptions.o
                                                  src/ASF/sam/utils/cmsis/sam3x/source/templates/gcc/startup_sam3x.o
UsageFault_Handler                                src/ASF/sam/utils/cmsis/sam3x/source/templates/exceptions.o
                                                  src/ASF/sam/utils/cmsis/sam3x/source/templates/gcc/startup_sam3x.o
WDT_Handler                                       src/ASF/sam/utils/cmsis/sam3x/source/templates/exceptions.o
                                                  src/ASF/sam/utils/cmsis/sam3x/source/templates/gcc/startup_sam3x.o
_Jv_RegisterClasses                               c:/program files (x86)/atmel/studio/7.0/toolchain/arm/arm-gnu-toolchain/bin/../lib/gcc/arm-none-eabi/5.3.1/armv7-m/crtbegin.o
__bss_end__                                       c:/program files (x86)/atmel/studio/7.0/toolchain/arm/arm-gnu-toolchain/bin/../lib/gcc/arm-none-eabi/5.3.1/../../../../arm-none-eabi/lib/armv7-m/crt0.o
__bss_start__                                     c:/program files (x86)/atmel/studio/7.0/toolchain/arm/arm-gnu-toolchain/bin/../lib/gcc/arm-none-eabi/5.3.1/../../../../arm-none-eabi/lib/armv7-m/crt0.o
__call_exitprocs                                  c:/program files (x86)/atmel/studio/7.0/toolchain/arm/arm-gnu-toolchain/bin/../lib/gcc/arm-none-eabi/5.3.1/../../../../arm-none-eabi/lib/armv7-m\libc.a(lib_a-__call_atexit.o)
                                                  c:/program files (x86)/atmel/studio/7.0/toolchain/arm/arm-gnu-toolchain/bin/../lib/gcc/arm-none-eabi/5.3.1/../../../../arm-none-eabi/lib/armv7-m\libc.a(lib_a-exit.o)
__deregister_frame_info                           c:/program files (x86)/atmel/studio/7.0/toolchain/arm/arm-gnu-toolchain/bin/../lib/gcc/arm-none-eabi/5.3.1/armv7-m/crtbegin.o
__dso_handle                                      c:/program files (x86)/atmel/studio/7.0/toolchain/arm/arm-gnu-toolchain/bin/../lib/gcc/arm-none-eabi/5.3.1/armv7-m/crtbegin.o
__fini_array_end                                  c:/program files (x86)/atmel/studio/7.0/toolchain/arm/arm-gnu-toolchain/bin/../lib/gcc/arm-none-eabi/5.3.1/../../../../arm-none-eabi/lib/armv7-m\libc.a(lib_a-fini.o)
__fini_array_start                                c:/program files (x86)/atmel/studio/7.0/toolchain/arm/arm-gnu-toolchain/bin/../lib/gcc/arm-none-eabi/5.3.1/../../../../arm-none-eabi/lib/armv7-m\libc.a(lib_a-fini.o)
__init_array_end                                  c:/program files (x86)/atmel/studio/7.0/toolchain/arm/arm-gnu-toolchain/bin/../lib/gcc/arm-none-eabi/5.3.1/../../../../arm-none-eabi/lib/armv7-m\libc.a(lib_a-init.o)
__init_array_start                                c:/program files (x86)/atmel/studio/7.0/toolchain/arm/arm-gnu-toolchain/bin/../lib/gcc/arm-none-eabi/5.3.1/../../../../arm-none-eabi/lib/armv7-m\libc.a(lib_a-init.o)
__libc_fini                                       c:/program files (x86)/atmel/studio/7.0/toolchain/arm/arm-gnu-toolchain/bin/../lib/gcc/arm-none-eabi/5.3.1/../../../../arm-none-eabi/lib/armv7-m\libc.a(lib_a-__call_atexit.o)
__libc_fini_array                                 c:/program files (x86)/atmel/studio/7.0/toolchain/arm/arm-gnu-toolchain/bin/../lib/gcc/arm-none-eabi/5.3.1/../../../../arm-none-eabi/lib/armv7-m\libc.a(lib_a-fini.o)
                                                  c:/program files (x86)/atmel/studio/7.0/toolchain/arm/arm-gnu-toolchain/bin/../lib/gcc/arm-none-eabi/5.3.1/../../../../arm-none-eabi/lib/armv7-m\libc.a(lib_a-__call_atexit.o)
                                                  c:/program files (x86)/atmel/studio/7.0/toolchain/arm/arm-gnu-toolchain/bin/../lib/gcc/arm-none-eabi/5.3.1/../../../../arm-none-eabi/lib/armv7-m/crt0.o
__libc_init_array                                 c:/program files (x86)/atmel/studio/7.0/toolchain/arm/arm-gnu-toolchain/bin/../lib/gcc/arm-none-eabi/5.3.1/../../../../arm-none-eabi/lib/armv7-m\libc.a(lib_a-init.o)
                                                  src/ASF/sam/utils/cmsis/sam3x/source/templates/gcc/startup_sam3x.o
                                                  c:/program files (x86)/atmel/studio/7.0/toolchain/arm/arm-gnu-toolchain/bin/../lib/gcc/arm-none-eabi/5.3.1/../../../../arm-none-eabi/lib/armv7-m/crt0.o
__preinit_array_end                               c:/program files (x86)/atmel/studio/7.0/toolchain/arm/arm-gnu-toolchain/bin/../lib/gcc/arm-none-eabi/5.3.1/../../../../arm-none-eabi/lib/armv7-m\libc.a(lib_a-init.o)
__preinit_array_start                             c:/program files (x86)/atmel/studio/7.0/toolchain/arm/arm-gnu-toolchain/bin/../lib/gcc/arm-none-eabi/5.3.1/../../../../arm-none-eabi/lib/armv7-m\libc.a(lib_a-init.o)
__ram_end__                                       src/ASF/sam/utils/syscalls/gcc/syscalls.o
__register_exitproc                               c:/program files (x86)/atmel/studio/7.0/toolchain/arm/arm-gnu-toolchain/bin/../lib/gcc/arm-none-eabi/5.3.1/../../../../arm-none-eabi/lib/armv7-m\libc.a(lib_a-__atexit.o)
                                                  c:/program files (x86)/atmel/studio/7.0/toolchain/arm/arm-gnu-toolchain/bin/../lib/gcc/arm-none-eabi/5.3.1/../../../../arm-none-eabi/lib/armv7-m\libc.a(lib_a-atexit.o)
__register_frame_info                             c:/program files (x86)/atmel/studio/7.0/toolchain/arm/arm-gnu-toolchain/bin/../lib/gcc/arm-none-eabi/5.3.1/armv7-m/crtbegin.o
__stack                                           c:/program files (x86)/atmel/studio/7.0/toolchain/arm/arm-gnu-toolchain/bin/../lib/gcc/arm-none-eabi/5.3.1/../../../../arm-none-eabi/lib/armv7-m/crt0.o
_close                                            src/ASF/sam/utils/syscalls/gcc/syscalls.o
_end                                              src/ASF/sam/utils/syscalls/gcc/syscalls.o
_erelocate                                        src/ASF/sam/utils/cmsis/sam3x/source/templates/gcc/startup_sam3x.o
_estack                                           src/ASF/sam/utils/cmsis/sam3x/source/templates/gcc/startup_sam3x.o
_etext                                            src/ASF/sam/utils/cmsis/sam3x/source/templates/gcc/startup_sam3x.o
_exit                                             src/ASF/sam/utils/syscalls/gcc/syscalls.o
                                                  c:/program files (x86)/atmel/studio/7.0/toolchain/arm/arm-gnu-toolchain/bin/../lib/gcc/arm-none-eabi/5.3.1/../../../../arm-none-eabi/lib/armv7-m\libc.a(lib_a-exit.o)
_ezero                                            src/ASF/sam/utils/cmsis/sam3x/source/templates/gcc/startup_sam3x.o
_fini                                             c:/program files (x86)/atmel/studio/7.0/toolchain/arm/arm-gnu-toolchain/bin/../lib/gcc/arm-none-eabi/5.3.1/armv7-m/crti.o
                                                  c:/program files (x86)/atmel/studio/7.0/toolchain/arm/arm-gnu-toolchain/bin/../lib/gcc/arm-none-eabi/5.3.1/../../../../arm-none-eabi/lib/armv7-m\libc.a(lib_a-fini.o)
_fstat                                            src/ASF/sam/utils/syscalls/gcc/syscalls.o
_getpid                                           src/ASF/sam/utils/syscalls/gcc/syscalls.o
_global_impure_ptr                                c:/program files (x86)/atmel/studio/7.0/toolchain/arm/arm-gnu-toolchain/bin/../lib/gcc/arm-none-eabi/5.3.1/../../../../arm-none-eabi/lib/armv7-m\libc.a(lib_a-impure.o)
                                                  c:/program files (x86)/atmel/studio/7.0/toolchain/arm/arm-gnu-toolchain/bin/../lib/gcc/arm-none-eabi/5.3.1/../../../../arm-none-eabi/lib/armv7-m\libc.a(lib_a-__atexit.o)
                                                  c:/program files (x86)/atmel/studio/7.0/toolchain/arm/arm-gnu-toolchain/bin/../lib/gcc/arm-none-eabi/5.3.1/../../../../arm-none-eabi/lib/armv7-m\libc.a(lib_a-__call_atexit.o)
                                                  c:/program files (x86)/atmel/studio/7.0/toolchain/arm/arm-gnu-toolchain/bin/../lib/gcc/arm-none-eabi/5.3.1/../../../../arm-none-eabi/lib/armv7-m\libc.a(lib_a-exit.o)
_impure_ptr                                       c:/program files (x86)/atmel/studio/7.0/toolchain/arm/arm-gnu-toolchain/bin/../lib/gcc/arm-none-eabi/5.3.1/../../../../arm-none-eabi/lib/armv7-m\libc.a(lib_a-impure.o)
_init                                             c:/program files (x86)/atmel/studio/7.0/toolchain/arm/arm-gnu-toolchain/bin/../lib/gcc/arm-none-eabi/5.3.1/armv7-m/crti.o
                                                  c:/program files (x86)/atmel/studio/7.0/toolchain/arm/arm-gnu-toolchain/bin/../lib/gcc/arm-none-eabi/5.3.1/../../../../arm-none-eabi/lib/armv7-m\libc.a(lib_a-init.o)
_isatty                                           src/ASF/sam/utils/syscalls/gcc/syscalls.o
_kill                                             src/ASF/sam/utils/syscalls/gcc/syscalls.o
_lseek                                            src/ASF/sam/utils/syscalls/gcc/syscalls.o
_mainCRTStartup                                   c:/program files (x86)/atmel/studio/7.0/toolchain/arm/arm-gnu-toolchain/bin/../lib/gcc/arm-none-eabi/5.3.1/../../../../arm-none-eabi/lib/armv7-m/crt0.o
_sbrk                                             src/ASF/sam/utils/syscalls/gcc/syscalls.o
_sfixed                                           src/ASF/sam/utils/cmsis/sam3x/source/templates/gcc/startup_sam3x.o
_srelocate                                        src/ASF/sam/utils/cmsis/sam3x/source/templates/gcc/startup_sam3x.o
_start                                            c:/program files (x86)/atmel/studio/7.0/toolchain/arm/arm-gnu-toolchain/bin/../lib/gcc/arm-none-eabi/5.3.1/../../../../arm-none-eabi/lib/armv7-m/crt0.o
_szero                                            src/ASF/sam/utils/cmsis/sam3x/source/templates/gcc/startup_sam3x.o
atexit                                            c:/program files (x86)/atmel/studio/7.0/toolchain/arm/arm-gnu-toolchain/bin/../lib/gcc/arm-none-eabi/5.3.1/../../../../arm-none-eabi/lib/armv7-m\libc.a(lib_a-atexit.o)
                                                  c:/program files (x86)/atmel/studio/7.0/toolchain/arm/arm-gnu-toolchain/bin/../lib/gcc/arm-none-eabi/5.3.1/../../../../arm-none-eabi/lib/armv7-m\libc.a(lib_a-__call_atexit.o)
                                                  c:/program files (x86)/atmel/studio/7.0/toolchain/arm/arm-gnu-toolchain/bin/../lib/gcc/arm-none-eabi/5.3.1/../../../../arm-none-eabi/lib/armv7-m/crt0.o
board_init                                        src/ASF/sam/boards/arduino_due_x/init.o
                                                  src/main.o
cpu_irq_enter_critical                            src/ASF/common/utils/interrupt/interrupt_sam_nvic.o
cpu_irq_leave_critical                            src/ASF/common/utils/interrupt/interrupt_sam_nvic.o
enable_interrupt_vector                           src/config/interrupts.o
                                                  src/config/timers.o
exception_table                                   src/ASF/sam/utils/cmsis/sam3x/source/templates/gcc/startup_sam3x.o
exit                                              c:/program files (x86)/atmel/studio/7.0/toolchain/arm/arm-gnu-toolchain/bin/../lib/gcc/arm-none-eabi/5.3.1/../../../../arm-none-eabi/lib/armv7-m\libc.a(lib_a-exit.o)
                                                  c:/program files (x86)/atmel/studio/7.0/toolchain/arm/arm-gnu-toolchain/bin/../lib/gcc/arm-none-eabi/5.3.1/../../../../arm-none-eabi/lib/armv7-m/crt0.o
free                                              c:/program files (x86)/atmel/studio/7.0/toolchain/arm/arm-gnu-toolchain/bin/../lib/gcc/arm-none-eabi/5.3.1/../../../../arm-none-eabi/lib/armv7-m\libc.a(lib_a-__call_atexit.o)
g_interrupt_enabled                               src/ASF/common/utils/interrupt/interrupt_sam_nvic.o
                                                  src/ASF/sam/drivers/pmc/sleep.o
hardware_init_hook                                c:/program files (x86)/atmel/studio/7.0/toolchain/arm/arm-gnu-toolchain/bin/../lib/gcc/arm-none-eabi/5.3.1/../../../../arm-none-eabi/lib/armv7-m/crt0.o
init_output                                       src/main.o
interpolation                                     src/config/math.o
interrupts_init1                                  src/config/interrupts.o
                                                  src/main.o
link                                              src/ASF/sam/utils/syscalls/gcc/syscalls.o
main                                              src/main.o
                                                  src/ASF/sam/utils/cmsis/sam3x/source/templates/gcc/startup_sam3x.o
                                                  c:/program files (x86)/atmel/studio/7.0/toolchain/arm/arm-gnu-toolchain/bin/../lib/gcc/arm-none-eabi/5.3.1/../../../../arm-none-eabi/lib/armv7-m/crt0.o
malloc                                            c:/program files (x86)/atmel/studio/7.0/toolchain/arm/arm-gnu-toolchain/bin/../lib/gcc/arm-none-eabi/5.3.1/../../../../arm-none-eabi/lib/armv7-m\libc.a(lib_a-__atexit.o)
math_ign_time_interval                            src/config/math.o
                                                  src/config/interrupts.o
math_ign_time_teeth                               src/config/math.o
                                                  src/config/interrupts.o
memset                                            c:/program files (x86)/atmel/studio/7.0/toolchain/arm/arm-gnu-toolchain/bin/../lib/gcc/arm-none-eabi/5.3.1/../../../../arm-none-eabi/lib/armv7-m\libc.a(lib_a-memset.o)
                                                  c:/program files (x86)/atmel/studio/7.0/toolchain/arm/arm-gnu-toolchain/bin/../lib/gcc/arm-none-eabi/5.3.1/../../../../arm-none-eabi/lib/armv7-m/crt0.o
pio_clear                                         src/ASF/sam/drivers/pio/pio.o
pio_configure                                     src/ASF/sam/drivers/pio/pio.o
pio_configure_interrupt                           src/ASF/sam/drivers/pio/pio.o
                                                  src/ASF/sam/drivers/pio/pio_handler.o
pio_configure_pin                                 src/ASF/sam/drivers/pio/pio.o
                                                  src/ASF/sam/boards/arduino_due_x/init.o
pio_configure_pin_group                           src/ASF/sam/drivers/pio/pio.o
                                                  src/ASF/sam/boards/arduino_due_x/init.o
pio_disable_interrupt                             src/ASF/sam/drivers/pio/pio.o
                                                  src/ASF/sam/drivers/pio/pio_handler.o
pio_disable_output_write                          src/ASF/sam/drivers/pio/pio.o
pio_disable_pin_interrupt                         src/ASF/sam/drivers/pio/pio.o
pio_enable_interrupt                              src/ASF/sam/drivers/pio/pio.o
                                                  src/ASF/sam/drivers/pio/pio_handler.o
pio_enable_output_write                           src/ASF/sam/drivers/pio/pio.o
pio_enable_pin_interrupt                          src/ASF/sam/drivers/pio/pio.o
pio_get                                           src/ASF/sam/drivers/pio/pio.o
pio_get_interrupt_mask                            src/ASF/sam/drivers/pio/pio.o
                                                  src/ASF/sam/drivers/pio/pio_handler.o
pio_get_interrupt_status                          src/ASF/sam/drivers/pio/pio.o
                                                  src/ASF/sam/drivers/pio/pio_handler.o
pio_get_multi_driver_status                       src/ASF/sam/drivers/pio/pio.o
pio_get_output_data_status                        src/ASF/sam/drivers/pio/pio.o
pio_get_output_write_status                       src/ASF/sam/drivers/pio/pio.o
pio_get_pin_group                                 src/ASF/sam/drivers/pio/pio.o
                                                  src/ASF/sam/drivers/pio/pio_handler.o
pio_get_pin_group_id                              src/ASF/sam/drivers/pio/pio.o
                                                  src/ASF/sam/drivers/pio/pio_handler.o
pio_get_pin_group_mask                            src/ASF/sam/drivers/pio/pio.o
                                                  src/ASF/sam/drivers/pio/pio_handler.o
pio_get_pin_value                                 src/ASF/sam/drivers/pio/pio.o
pio_get_writeprotect_status                       src/ASF/sam/drivers/pio/pio.o
pio_handler_process                               src/ASF/sam/drivers/pio/pio_handler.o
pio_handler_set                                   src/ASF/sam/drivers/pio/pio_handler.o
pio_handler_set_pin                               src/ASF/sam/drivers/pio/pio_handler.o
pio_handler_set_priority                          src/ASF/sam/drivers/pio/pio_handler.o
pio_pull_up                                       src/ASF/sam/drivers/pio/pio.o
pio_set                                           src/ASF/sam/drivers/pio/pio.o
pio_set_additional_interrupt_mode                 src/ASF/sam/drivers/pio/pio.o
pio_set_debounce_filter                           src/ASF/sam/drivers/pio/pio.o
pio_set_input                                     src/ASF/sam/drivers/pio/pio.o
pio_set_multi_driver                              src/ASF/sam/drivers/pio/pio.o
pio_set_output                                    src/ASF/sam/drivers/pio/pio.o
pio_set_peripheral                                src/ASF/sam/drivers/pio/pio.o
pio_set_pin_group_high                            src/ASF/sam/drivers/pio/pio.o
pio_set_pin_group_low                             src/ASF/sam/drivers/pio/pio.o
pio_set_pin_high                                  src/ASF/sam/drivers/pio/pio.o
pio_set_pin_low                                   src/ASF/sam/drivers/pio/pio.o
pio_set_writeprotect                              src/ASF/sam/drivers/pio/pio.o
pio_sync_output_write                             src/ASF/sam/drivers/pio/pio.o
pio_toggle_pin                                    src/ASF/sam/drivers/pio/pio.o
pio_toggle_pin_group                              src/ASF/sam/drivers/pio/pio.o
pmc_clr_fast_startup_input                        src/ASF/sam/drivers/pmc/pmc.o
pmc_disable_all_pck                               src/ASF/sam/drivers/pmc/pmc.o
pmc_disable_all_periph_clk                        src/ASF/sam/drivers/pmc/pmc.o
pmc_disable_clock_failure_detector                src/ASF/sam/drivers/pmc/pmc.o
pmc_disable_interrupt                             src/ASF/sam/drivers/pmc/pmc.o
pmc_disable_pck                                   src/ASF/sam/drivers/pmc/pmc.o
pmc_disable_periph_clk                            src/ASF/sam/drivers/pmc/pmc.o
pmc_disable_pllack                                src/ASF/sam/drivers/pmc/pmc.o
                                                  src/ASF/sam/drivers/pmc/sleep.o
                                                  src/ASF/common/services/clock/sam3x/sysclk.o
pmc_disable_udpck                                 src/ASF/sam/drivers/pmc/pmc.o
                                                  src/ASF/common/services/clock/sam3x/sysclk.o
pmc_disable_upll_clock                            src/ASF/sam/drivers/pmc/pmc.o
                                                  src/ASF/sam/drivers/pmc/sleep.o
pmc_enable_all_pck                                src/ASF/sam/drivers/pmc/pmc.o
pmc_enable_all_periph_clk                         src/ASF/sam/drivers/pmc/pmc.o
pmc_enable_backupmode                             src/ASF/sam/drivers/pmc/pmc.o
pmc_enable_clock_failure_detector                 src/ASF/sam/drivers/pmc/pmc.o
pmc_enable_interrupt                              src/ASF/sam/drivers/pmc/pmc.o
pmc_enable_pck                                    src/ASF/sam/drivers/pmc/pmc.o
pmc_enable_periph_clk                             src/ASF/sam/drivers/pmc/pmc.o
                                                  src/ASF/sam/boards/arduino_due_x/init.o
pmc_enable_pllack                                 src/ASF/sam/drivers/pmc/pmc.o
pmc_enable_sleepmode                              src/ASF/sam/drivers/pmc/pmc.o
pmc_enable_udpck                                  src/ASF/sam/drivers/pmc/pmc.o
                                                  src/ASF/common/services/clock/sam3x/sysclk.o
pmc_enable_upll_clock                             src/ASF/sam/drivers/pmc/pmc.o
                                                  src/ASF/common/services/clock/sam3x/sysclk.o
pmc_enable_waitmode                               src/ASF/sam/drivers/pmc/pmc.o
                                                  src/ASF/sam/drivers/pmc/sleep.o
pmc_get_interrupt_mask                            src/ASF/sam/drivers/pmc/pmc.o
pmc_get_status                                    src/ASF/sam/drivers/pmc/pmc.o
pmc_get_writeprotect_status                       src/ASF/sam/drivers/pmc/pmc.o
pmc_is_locked_pllack                              src/ASF/sam/drivers/pmc/pmc.o
                                                  src/ASF/common/services/clock/sam3x/sysclk.o
pmc_is_locked_upll                                src/ASF/sam/drivers/pmc/pmc.o
pmc_is_pck_enabled                                src/ASF/sam/drivers/pmc/pmc.o
pmc_is_periph_clk_enabled                         src/ASF/sam/drivers/pmc/pmc.o
pmc_is_wakeup_clocks_restored                     src/ASF/sam/drivers/pmc/sleep.o
pmc_mainck_osc_select                             src/ASF/sam/drivers/pmc/pmc.o
pmc_mck_set_prescaler                             src/ASF/sam/drivers/pmc/pmc.o
                                                  src/ASF/common/services/clock/sam3x/sysclk.o
pmc_mck_set_source                                src/ASF/sam/drivers/pmc/pmc.o
                                                  src/ASF/common/services/clock/sam3x/sysclk.o
pmc_osc_bypass_main_xtal                          src/ASF/sam/drivers/pmc/pmc.o
pmc_osc_disable_fastrc                            src/ASF/sam/drivers/pmc/pmc.o
pmc_osc_disable_main_xtal                         src/ASF/sam/drivers/pmc/pmc.o
pmc_osc_disable_xtal                              src/ASF/sam/drivers/pmc/pmc.o
pmc_osc_enable_fastrc                             src/ASF/sam/drivers/pmc/pmc.o
pmc_osc_enable_main_xtal                          src/ASF/sam/drivers/pmc/pmc.o
pmc_osc_is_bypassed_main_xtal                     src/ASF/sam/drivers/pmc/pmc.o
pmc_osc_is_ready_32kxtal                          src/ASF/sam/drivers/pmc/pmc.o
pmc_osc_is_ready_fastrc                           src/ASF/sam/drivers/pmc/pmc.o
pmc_osc_is_ready_main_xtal                        src/ASF/sam/drivers/pmc/pmc.o
pmc_osc_is_ready_mainck                           src/ASF/sam/drivers/pmc/pmc.o
                                                  src/ASF/common/services/clock/sam3x/sysclk.o
pmc_pck_set_prescaler                             src/ASF/sam/drivers/pmc/pmc.o
pmc_pck_set_source                                src/ASF/sam/drivers/pmc/pmc.o
pmc_set_fast_startup_input                        src/ASF/sam/drivers/pmc/pmc.o
pmc_set_writeprotect                              src/ASF/sam/drivers/pmc/pmc.o
pmc_sleep                                         src/ASF/sam/drivers/pmc/sleep.o
pmc_switch_mainck_to_fastrc                       src/ASF/sam/drivers/pmc/pmc.o
pmc_switch_mainck_to_xtal                         src/ASF/sam/drivers/pmc/pmc.o
                                                  src/ASF/common/services/clock/sam3x/sysclk.o
pmc_switch_mck_to_mainck                          src/ASF/sam/drivers/pmc/pmc.o
pmc_switch_mck_to_pllack                          src/ASF/sam/drivers/pmc/pmc.o
                                                  src/ASF/common/services/clock/sam3x/sysclk.o
pmc_switch_mck_to_sclk                            src/ASF/sam/drivers/pmc/pmc.o
pmc_switch_mck_to_upllck                          src/ASF/sam/drivers/pmc/pmc.o
pmc_switch_pck_to_mainck                          src/ASF/sam/drivers/pmc/pmc.o
pmc_switch_pck_to_mck                             src/ASF/sam/drivers/pmc/pmc.o
pmc_switch_pck_to_pllack                          src/ASF/sam/drivers/pmc/pmc.o
pmc_switch_pck_to_sclk                            src/ASF/sam/drivers/pmc/pmc.o
pmc_switch_pck_to_upllck                          src/ASF/sam/drivers/pmc/pmc.o
pmc_switch_sclk_to_32kxtal                        src/ASF/sam/drivers/pmc/pmc.o
pmc_switch_udpck_to_pllack                        src/ASF/sam/drivers/pmc/pmc.o
pmc_switch_udpck_to_upllck                        src/ASF/sam/drivers/pmc/pmc.o
                                                  src/ASF/common/services/clock/sam3x/sysclk.o
pmc_wait_wakeup_clocks_restore                    src/ASF/sam/drivers/pmc/sleep.o
software_init_hook                                c:/program files (x86)/atmel/studio/7.0/toolchain/arm/arm-gnu-toolchain/bin/../lib/gcc/arm-none-eabi/5.3.1/../../../../arm-none-eabi/lib/armv7-m/crt0.o
sysclk_disable_usb                                src/ASF/common/services/clock/sam3x/sysclk.o
sysclk_enable_usb                                 src/ASF/common/services/clock/sam3x/sysclk.o
sysclk_init                                       src/ASF/common/services/clock/sam3x/sysclk.o
                                                  src/main.o
sysclk_set_prescalers                             src/ASF/common/services/clock/sam3x/sysclk.o
sysclk_set_source                                 src/ASF/common/services/clock/sam3x/sysclk.o
system_init_flash                                 src/ASF/sam/utils/cmsis/sam3x/source/templates/system_sam3x.o
                                                  src/ASF/common/services/clock/sam3x/sysclk.o
timers_init1                                      src/config/timers.o
                                                  src/main.o
timers_init2                                      src/config/timers.o
                                                  src/main.o
timers_init3                                      src/config/timers.o
                                                  src/main.o
timers_init4                                      src/config/timers.o
                                                  src/main.o
timers_init9                                      src/config/timers.o
                                                  src/main.o
uart_init                                         src/config/uart.o
                                                  src/main.o
uart_new_line                                     src/config/uart.o
uart_print_int                                    src/config/uart.o
uart_print_string                                 src/config/uart.o
uart_transfer                                     src/config/uart.o
waste_of_time_delay                               src/main.o
